// Jest Snapshot v1, https://goo.gl/fbAQLP

exports[`mathml ReactKatex (MathML) Test on a physics problem solution with break line enabled 1`] = `
<span>
  
В тот момент, когда расстояние между частицами достигает максимального значения 
  <span
    dangerouslySetInnerHTML={
      Object {
        "__html": "<span class=\\"katex\\"><math xmlns=\\"http://www.w3.org/1998/Math/MathML\\"><semantics><mrow><mi>r</mi></mrow><annotation encoding=\\"application/x-tex\\">r</annotation></semantics></math></span>",
      }
    }
  />
  , их скорости имеют одинаковую величину 
  <span
    dangerouslySetInnerHTML={
      Object {
        "__html": "<span class=\\"katex\\"><math xmlns=\\"http://www.w3.org/1998/Math/MathML\\"><semantics><mrow><mi>u</mi></mrow><annotation encoding=\\"application/x-tex\\">u</annotation></semantics></math></span>",
      }
    }
  />
   и одинаковое направление (относительная скорость равна нулю). Это состояние системы связано с начальным законами сохранения импульса и энергии:
  <br />
  <span
    dangerouslySetInnerHTML={
      Object {
        "__html": "<span class=\\"katex\\"><math xmlns=\\"http://www.w3.org/1998/Math/MathML\\" display=\\"block\\"><semantics><mrow><msub><mi>m</mi><mn>1</mn></msub><mi>v</mi><mo>−</mo><msub><mi>m</mi><mn>2</mn></msub><mi>v</mi><mo>=</mo><mo stretchy=\\"false\\">(</mo><msub><mi>m</mi><mn>1</mn></msub><mo>+</mo><msub><mi>m</mi><mn>2</mn></msub><mo stretchy=\\"false\\">)</mo><mi>u</mi></mrow><annotation encoding=\\"application/x-tex\\">m_1v-m_2v=(m_1+m_2)u</annotation></semantics></math></span>",
      }
    }
  />
  <br />
  <span
    dangerouslySetInnerHTML={
      Object {
        "__html": "<span class=\\"katex\\"><math xmlns=\\"http://www.w3.org/1998/Math/MathML\\" display=\\"block\\"><semantics><mrow><mfrac><mrow><msub><mi>m</mi><mn>1</mn></msub><msup><mi>v</mi><mn>2</mn></msup></mrow><mn>2</mn></mfrac><mo>+</mo><mfrac><mrow><msub><mi>m</mi><mn>2</mn></msub><msup><mi>v</mi><mn>2</mn></msup></mrow><mn>2</mn></mfrac><mo>+</mo><mi>k</mi><mfrac><msup><mi>q</mi><mn>2</mn></msup><msub><mi>r</mi><mn>0</mn></msub></mfrac><mo>=</mo><mfrac><mrow><mo stretchy=\\"false\\">(</mo><msub><mi>m</mi><mn>1</mn></msub><mo>+</mo><msub><mi>m</mi><mn>2</mn></msub><mo stretchy=\\"false\\">)</mo><msup><mi>u</mi><mn>2</mn></msup></mrow><mn>2</mn></mfrac><mo>+</mo><mi>k</mi><mfrac><msup><mi>q</mi><mn>2</mn></msup><mi>r</mi></mfrac></mrow><annotation encoding=\\"application/x-tex\\">{\\\\frac{m_{1}v^{2}}{2}}+{\\\\frac{m_{2}v^{2}}{2}}+k{\\\\frac{q^{2}}{r_0}}={\\\\frac{(m_{1}+m_{2})u^{2}}{2}}+k{\\\\frac{q^{2}}{r}}</annotation></semantics></math></span>",
      }
    }
  />
  <br />
  Отсюда получаем:
  <br />
  <span
    dangerouslySetInnerHTML={
      Object {
        "__html": "<span class=\\"katex\\"><math xmlns=\\"http://www.w3.org/1998/Math/MathML\\" display=\\"block\\"><semantics><mrow><mi>r</mi><mo>=</mo><msup><mrow><mo fence=\\"true\\">(</mo><mfrac><mn>1</mn><msub><mi>r</mi><mi>o</mi></msub></mfrac><mo>+</mo><mfrac><mrow><msub><mi>m</mi><mn>1</mn></msub><msub><mi>m</mi><mn>2</mn></msub></mrow><mrow><msub><mi>m</mi><mn>1</mn></msub><mo>+</mo><msub><mi>m</mi><mn>2</mn></msub></mrow></mfrac><mfrac><mrow><mn>2</mn><msup><mi>v</mi><mn>2</mn></msup></mrow><mrow><mi>k</mi><msup><mi>q</mi><mn>2</mn></msup></mrow></mfrac><mo fence=\\"true\\">)</mo></mrow><mrow><mo>−</mo><mn>1</mn></mrow></msup><mo>=</mo><mn>10</mn><mtext> м</mtext><mi mathvariant=\\"normal\\">.</mi></mrow><annotation encoding=\\"application/x-tex\\">r=\\\\left(\\\\frac{1}{r_{o}}+\\\\frac{m_{1}m_{2}}{m_{1}+m_{2}}\\\\frac{2v^{2}}{k q^{2}}\\\\right)^{-1}=10\\\\ м.</annotation></semantics></math></span>",
      }
    }
  />
  
      
</span>
`;
